1- delete.py stack overflow on execcgi()

